<?xml version="1.0" encoding="UTF-8"?>
<TestRun id="e7a349a3-44e9-4499-9f91-b2e784117a49" name="KNagarajan@KNAGARAJANHM-W7 2011-08-03 01:12:09" runUser="SEISMICMICRO\KNagarajan" xmlns="http://microsoft.com/schemas/VisualStudio/TeamTest/2010">
  <TestSettings name="Local" id="51709f9a-7cf8-4f65-8014-af6765b5a9cd">
    <Description>These are default test settings for a local test run.</Description>
    <Deployment enabled="false" runDeploymentRoot="KNagarajan_KNAGARAJANHM-W7 2011-08-03 01_12_09">
      <DeploymentItem filename="C:\Users\KNagarajan\DataStructures\DataStructures\DataStructures\bin\Debug\DataStructures.dll" />
    </Deployment>
    <Execution>
      <TestTypeSpecific />
      <AgentRule name="Execution Agents">
      </AgentRule>
    </Execution>
  </TestSettings>
  <Times creation="2011-08-03T01:12:09.6807514-05:00" queuing="2011-08-03T01:12:11.1238339-05:00" start="2011-08-03T01:12:11.3598474-05:00" finish="2011-08-03T01:12:11.9708824-05:00" />
  <ResultSummary outcome="Completed">
    <Counters total="1" executed="1" passed="1" error="0" failed="0" timeout="0" aborted="0" inconclusive="0" passedButRunAborted="0" notRunnable="0" notExecuted="0" disconnected="0" warning="0" completed="0" inProgress="0" pending="0" />
  </ResultSummary>
  <TestDefinitions>
    <UnitTest name="DefaultConstruction" storage="c:\users\knagarajan\datastructures\datastructures\datastructures.tests\bin\debug\datastructures.tests.dll" id="61c6aa9f-89b5-ddee-1fb9-622c9aecfa27">
      <Execution id="bc7a692d-d6ec-413f-9dfd-6ed471a04a7c" />
      <TestMethod codeBase="C:/Users/KNagarajan/DataStructures/DataStructures/DataStructures.Tests/bin/Debug/DataStructures.Tests.DLL" adapterTypeName="Microsoft.VisualStudio.TestTools.TestTypes.Unit.UnitTestAdapter, Microsoft.VisualStudio.QualityTools.Tips.UnitTest.Adapter, Version=10.0.0.0, Culture=neutral, PublicKeyToken=b03f5f7f11d50a3a" className="DataStructures.Tests.NodeTest, DataStructures.Tests, Version=1.0.0.0, Culture=neutral, PublicKeyToken=null" name="DefaultConstruction" />
    </UnitTest>
  </TestDefinitions>
  <TestLists>
    <TestList name="Results Not in a List" id="8c84fa94-04c1-424b-9868-57a2d4851a1d" />
    <TestList name="All Loaded Results" id="19431567-8539-422a-85d7-44ee4e166bda" />
  </TestLists>
  <TestEntries>
    <TestEntry testId="61c6aa9f-89b5-ddee-1fb9-622c9aecfa27" executionId="bc7a692d-d6ec-413f-9dfd-6ed471a04a7c" testListId="8c84fa94-04c1-424b-9868-57a2d4851a1d" />
  </TestEntries>
  <Results>
    <UnitTestResult executionId="bc7a692d-d6ec-413f-9dfd-6ed471a04a7c" testId="61c6aa9f-89b5-ddee-1fb9-622c9aecfa27" testName="DefaultConstruction" computerName="KNAGARAJANHM-W7" duration="00:00:00.0176899" startTime="2011-08-03T01:12:11.4368518-05:00" endTime="2011-08-03T01:12:11.8488754-05:00" testType="13cdc9d9-ddb5-4fa4-a97d-d965ccfc6d4b" outcome="Passed" testListId="8c84fa94-04c1-424b-9868-57a2d4851a1d" relativeResultsDirectory="bc7a692d-d6ec-413f-9dfd-6ed471a04a7c">
    </UnitTestResult>
  </Results>
</TestRun>